{'catalog_name': 'intelliegencedatacatalog', 'schema_name': 'bronze_pharma_sales', 'table_name': 'flat_pharma_sales', 'full_table_path': 'intelliegencedatacatalog.bronze_pharma_sales.flat_pharma_sales', 'last_modified_at': 'Feb 23, 2026 07:54 AM', 'last_documented_at': 'Mar 09, 2026 10:28 AM', 'latency_hours': 338.57, 'current_version': 0, 'partition_count': 0}
{'catalog_name': 'intelliegencedatacatalog', 'schema_name': 'claims_info', 'table_name': 'bronze_patient_lot', 'full_table_path': 'intelliegencedatacatalog.claims_info.bronze_patient_lot', 'last_modified_at': 'Feb 12, 2026 06:53 AM', 'last_documented_at': 'Mar 09, 2026 10:28 AM', 'latency_hours': 603.59, 'current_version': 0, 'partition_count': 0}
{'catalog_name': 'intelliegencedatacatalog', 'schema_name': 'claims_info', 'table_name': 'bronze_patient_provider', 'full_table_path': 'intelliegencedatacatalog.claims_info.bronze_patient_provider', 'last_modified_at': 'Feb 12, 2026 07:22 AM', 'last_documented_at': 'Mar 09, 2026 10:28 AM', 'latency_hours': 603.1, 'current_version': 0, 'partition_count': 0}
{'catalog_name': 'intelliegencedatacatalog', 'schema_name': 'claims_info', 'table_name': 'bronze_provider', 'full_table_path': 'intelliegencedatacatalog.claims_info.bronze_provider', 'last_modified_at': 'Feb 12, 2026 06:53 AM', 'last_documented_at': 'Mar 09, 2026 10:28 AM', 'latency_hours': 603.58, 'current_version': 0, 'partition_count': 0}
{'catalog_name': 'intelliegencedatacatalog', 'schema_name': 'claims_info', 'table_name': 'gold_patient_provider', 'full_table_path': 'intelliegencedatacatalog.claims_info.gold_patient_provider', 'last_modified_at': 'Feb 12, 2026 08:11 AM', 'last_documented_at': 'Mar 09, 2026 10:28 AM', 'latency_hours': 602.28, 'current_version': 0, 'partition_count': 0}
{'catalog_name': 'intelliegencedatacatalog', 'schema_name': 'claims_info', 'table_name': 'silver_patient_provider', 'full_table_path': 'intelliegencedatacatalog.claims_info.silver_patient_provider', 'last_modified_at': 'Feb 12, 2026 07:52 AM', 'last_documented_at': 'Mar 09, 2026 10:28 AM', 'latency_hours': 602.6, 'current_version': 0, 'partition_count': 0}
{'catalog_name': 'intelliegencedatacatalog', 'schema_name': 'claims_info', 'table_name': 'silver_provider', 'full_table_path': 'intelliegencedatacatalog.claims_info.silver_provider', 'last_modified_at': 'Feb 12, 2026 07:55 AM', 'last_documented_at': 'Mar 09, 2026 10:28 AM', 'latency_hours': 602.54, 'current_version': 0, 'partition_count': 0}
{'catalog_name': 'intelliegencedatacatalog', 'schema_name': 'ddd_sales', 'table_name': 'raw_ddd', 'full_table_path': 'intelliegencedatacatalog.ddd_sales.raw_ddd', 'last_modified_at': 'Feb 12, 2026 05:41 AM', 'last_documented_at': 'Mar 09, 2026 10:28 AM', 'latency_hours': 604.79, 'current_version': 0, 'partition_count': 0}
{'catalog_name': 'intelliegencedatacatalog', 'schema_name': 'functionalities', 'table_name': 'complete_freshness_stats', 'full_table_path': 'intelliegencedatacatalog.functionalities.complete_freshness_stats', 'last_modified_at': 'Mar 09, 2026 04:58 AM', 'last_documented_at': 'Mar 09, 2026 10:28 AM', 'latency_hours': 5.5, 'current_version': 5, 'partition_count': 0}
{'catalog_name': 'intelliegencedatacatalog', 'schema_name': 'functionalities', 'table_name': 'complete_profile_stats', 'full_table_path': 'intelliegencedatacatalog.functionalities.complete_profile_stats', 'last_modified_at': 'Feb 27, 2026 08:08 AM', 'last_documented_at': 'Mar 09, 2026 10:28 AM', 'latency_hours': 242.33, 'current_version': 5, 'partition_count': 0}
{'catalog_name': 'intelliegencedatacatalog', 'schema_name': 'functionalities', 'table_name': 'complete_quality_stats', 'full_table_path': 'intelliegencedatacatalog.functionalities.complete_quality_stats', 'last_modified_at': 'Feb 27, 2026 08:11 AM', 'last_documented_at': 'Mar 09, 2026 10:28 AM', 'latency_hours': 242.28, 'current_version': 4, 'partition_count': 0}
{'catalog_name': 'intelliegencedatacatalog', 'schema_name': 'hcp_info', 'table_name': 'gold_hcp_summary', 'full_table_path': 'intelliegencedatacatalog.hcp_info.gold_hcp_summary', 'last_modified_at': 'Feb 13, 2026 08:11 AM', 'last_documented_at': 'Mar 09, 2026 10:28 AM', 'latency_hours': 578.28, 'current_version': 0, 'partition_count': 0}
{'catalog_name': 'intelliegencedatacatalog', 'schema_name': 'hcp_info', 'table_name': 'hcp_summary', 'full_table_path': 'intelliegencedatacatalog.hcp_info.hcp_summary', 'last_modified_at': 'Feb 13, 2026 07:53 AM', 'last_documented_at': 'Mar 09, 2026 10:28 AM', 'latency_hours': 578.58, 'current_version': 0, 'partition_count': 0}
{'catalog_name': 'intelliegencedatacatalog', 'schema_name': 'hcp_info', 'table_name': 'hcp_twitter_info', 'full_table_path': 'intelliegencedatacatalog.hcp_info.hcp_twitter_info', 'last_modified_at': 'Feb 13, 2026 08:01 AM', 'last_documented_at': 'Mar 09, 2026 10:28 AM', 'latency_hours': 578.44, 'current_version': 0, 'partition_count': 0}
{'catalog_name': 'intelliegencedatacatalog', 'schema_name': 'hcp_info', 'table_name': 'hcp_url_info', 'full_table_path': 'intelliegencedatacatalog.hcp_info.hcp_url_info', 'last_modified_at': 'Feb 13, 2026 08:02 AM', 'last_documented_at': 'Mar 09, 2026 10:28 AM', 'latency_hours': 578.43, 'current_version': 0, 'partition_count': 0}
{'catalog_name': 'intelliegencedatacatalog', 'schema_name': 'hcp_info', 'table_name': 'new_hcp_url', 'full_table_path': 'intelliegencedatacatalog.hcp_info.new_hcp_url', 'last_modified_at': 'Feb 13, 2026 09:52 AM', 'last_documented_at': 'Mar 09, 2026 10:28 AM', 'latency_hours': 576.6, 'current_version': 0, 'partition_count': 0}
{'catalog_name': 'intelliegencedatacatalog', 'schema_name': 'hcp_info', 'table_name': 'update_hcp_summary', 'full_table_path': 'intelliegencedatacatalog.hcp_info.update_hcp_summary', 'last_modified_at': 'Feb 13, 2026 08:03 AM', 'last_documented_at': 'Mar 09, 2026 10:28 AM', 'latency_hours': 578.42, 'current_version': 0, 'partition_count': 0}
{'catalog_name': 'intelliegencedatacatalog', 'schema_name': 'hcp_info', 'table_name': 'update_hcp_url', 'full_table_path': 'intelliegencedatacatalog.hcp_info.update_hcp_url', 'last_modified_at': 'Feb 13, 2026 08:08 AM', 'last_documented_at': 'Mar 09, 2026 10:28 AM', 'latency_hours': 578.33, 'current_version': 0, 'partition_count': 0}
{'catalog_name': 'intelliegencedatacatalog', 'schema_name': 'llm_info', 'table_name': 'column_metadata_embeddings', 'full_table_path': 'intelliegencedatacatalog.llm_info.column_metadata_embeddings', 'last_modified_at': 'Feb 14, 2026 05:22 AM', 'last_documented_at': 'Mar 09, 2026 10:28 AM', 'latency_hours': 557.1, 'current_version': 1, 'partition_count': 0}
{'catalog_name': 'intelliegencedatacatalog', 'schema_name': 'llm_info', 'table_name': 'table_metadata_embeddings', 'full_table_path': 'intelliegencedatacatalog.llm_info.table_metadata_embeddings', 'last_modified_at': 'Feb 14, 2026 05:22 AM', 'last_documented_at': 'Mar 09, 2026 10:28 AM', 'latency_hours': 557.1, 'current_version': 1, 'partition_count': 0}
{'catalog_name': 'intelliegencedatacatalog', 'schema_name': 'monitoring', 'table_name': 'metric_h01_silver_sales', 'full_table_path': 'intelliegencedatacatalog.monitoring.metric_h01_silver_sales', 'last_modified_at': 'Feb 25, 2026 12:10 PM', 'last_documented_at': 'Mar 09, 2026 10:28 AM', 'latency_hours': 286.3, 'current_version': 13, 'partition_count': 0}
{'catalog_name': 'intelliegencedatacatalog', 'schema_name': 'monitoring', 'table_name': 'metric_h02_silver_sales', 'full_table_path': 'intelliegencedatacatalog.monitoring.metric_h02_silver_sales', 'last_modified_at': 'Feb 25, 2026 12:10 PM', 'last_documented_at': 'Mar 09, 2026 10:28 AM', 'latency_hours': 286.29, 'current_version': 13, 'partition_count': 0}
{'catalog_name': 'intelliegencedatacatalog', 'schema_name': 'monitoring', 'table_name': 'metric_h04_silver_sales', 'full_table_path': 'intelliegencedatacatalog.monitoring.metric_h04_silver_sales', 'last_modified_at': 'Feb 25, 2026 12:10 PM', 'last_documented_at': 'Mar 09, 2026 10:28 AM', 'latency_hours': 286.29, 'current_version': 13, 'partition_count': 0}
{'catalog_name': 'intelliegencedatacatalog', 'schema_name': 'monitoring', 'table_name': 'metric_h05_flat_pharma_sales', 'full_table_path': 'intelliegencedatacatalog.monitoring.metric_h05_flat_pharma_sales', 'last_modified_at': 'Feb 25, 2026 12:11 PM', 'last_documented_at': 'Mar 09, 2026 10:28 AM', 'latency_hours': 286.29, 'current_version': 1, 'partition_count': 0}
{'catalog_name': 'intelliegencedatacatalog', 'schema_name': 'monitoring', 'table_name': 'metric_h06_silver_sales', 'full_table_path': 'intelliegencedatacatalog.monitoring.metric_h06_silver_sales', 'last_modified_at': 'Feb 25, 2026 12:11 PM', 'last_documented_at': 'Mar 09, 2026 10:28 AM', 'latency_hours': 286.29, 'current_version': 7, 'partition_count': 0}
{'catalog_name': 'intelliegencedatacatalog', 'schema_name': 'monitoring', 'table_name': 'metric_h07_silver_sales', 'full_table_path': 'intelliegencedatacatalog.monitoring.metric_h07_silver_sales', 'last_modified_at': 'Feb 25, 2026 12:11 PM', 'last_documented_at': 'Mar 09, 2026 10:28 AM', 'latency_hours': 286.28, 'current_version': 7, 'partition_count': 0}
{'catalog_name': 'intelliegencedatacatalog', 'schema_name': 'monitoring', 'table_name': 'metric_h08_silver_sales', 'full_table_path': 'intelliegencedatacatalog.monitoring.metric_h08_silver_sales', 'last_modified_at': 'Feb 25, 2026 12:11 PM', 'last_documented_at': 'Mar 09, 2026 10:28 AM', 'latency_hours': 286.28, 'current_version': 13, 'partition_count': 0}
{'catalog_name': 'intelliegencedatacatalog', 'schema_name': 'monitoring', 'table_name': 'metric_h09_silver_sales', 'full_table_path': 'intelliegencedatacatalog.monitoring.metric_h09_silver_sales', 'last_modified_at': 'Feb 25, 2026 12:11 PM', 'last_documented_at': 'Mar 09, 2026 10:28 AM', 'latency_hours': 286.27, 'current_version': 1, 'partition_count': 0}
{'catalog_name': 'intelliegencedatacatalog', 'schema_name': 'monitoring', 'table_name': 'metric_h10_silver_sales', 'full_table_path': 'intelliegencedatacatalog.monitoring.metric_h10_silver_sales', 'last_modified_at': 'Feb 25, 2026 12:11 PM', 'last_documented_at': 'Mar 09, 2026 10:28 AM', 'latency_hours': 286.27, 'current_version': 7, 'partition_count': 0}
{'catalog_name': 'intelliegencedatacatalog', 'schema_name': 'pharma_sales', 'table_name': 'dim_customer', 'full_table_path': 'intelliegencedatacatalog.pharma_sales.dim_customer', 'last_modified_at': 'Feb 15, 2026 05:42 PM', 'last_documented_at': 'Mar 09, 2026 10:28 AM', 'latency_hours': 520.77, 'current_version': 0, 'partition_count': 0}
{'catalog_name': 'intelliegencedatacatalog', 'schema_name': 'pharma_sales', 'table_name': 'dim_drug', 'full_table_path': 'intelliegencedatacatalog.pharma_sales.dim_drug', 'last_modified_at': 'Feb 15, 2026 05:42 PM', 'last_documented_at': 'Mar 09, 2026 10:28 AM', 'latency_hours': 520.77, 'current_version': 0, 'partition_count': 0}
{'catalog_name': 'intelliegencedatacatalog', 'schema_name': 'pharma_sales', 'table_name': 'dim_manufacturer', 'full_table_path': 'intelliegencedatacatalog.pharma_sales.dim_manufacturer', 'last_modified_at': 'Feb 16, 2026 10:42 AM', 'last_documented_at': 'Mar 09, 2026 10:28 AM', 'latency_hours': 503.77, 'current_version': 1, 'partition_count': 0}
{'catalog_name': 'intelliegencedatacatalog', 'schema_name': 'pharma_sales', 'table_name': 'dim_pharmacy', 'full_table_path': 'intelliegencedatacatalog.pharma_sales.dim_pharmacy', 'last_modified_at': 'Feb 15, 2026 05:42 PM', 'last_documented_at': 'Mar 09, 2026 10:28 AM', 'latency_hours': 520.77, 'current_version': 0, 'partition_count': 0}
{'catalog_name': 'intelliegencedatacatalog', 'schema_name': 'pharma_sales', 'table_name': 'fact_pharma_sales', 'full_table_path': 'intelliegencedatacatalog.pharma_sales.fact_pharma_sales', 'last_modified_at': 'Feb 15, 2026 05:45 PM', 'last_documented_at': 'Mar 09, 2026 10:28 AM', 'latency_hours': 520.72, 'current_version': 0, 'partition_count': 0}
{'catalog_name': 'intelliegencedatacatalog', 'schema_name': 'pharma_sales', 'table_name': 'raw_pharma_sales', 'full_table_path': 'intelliegencedatacatalog.pharma_sales.raw_pharma_sales', 'last_modified_at': 'Feb 15, 2026 05:08 PM', 'last_documented_at': 'Mar 09, 2026 10:28 AM', 'latency_hours': 521.33, 'current_version': 0, 'partition_count': 0}
{'catalog_name': 'intelliegencedatacatalog', 'schema_name': 'pharma_sales', 'table_name': 'silver_sales', 'full_table_path': 'intelliegencedatacatalog.pharma_sales.silver_sales', 'last_modified_at': 'Feb 15, 2026 05:41 PM', 'last_documented_at': 'Mar 09, 2026 10:28 AM', 'latency_hours': 520.79, 'current_version': 0, 'partition_count': 0}
{'catalog_name': 'intelliegencedatacatalog', 'schema_name': 'pharma_sales_v2', 'table_name': 'dim_customer', 'full_table_path': 'intelliegencedatacatalog.pharma_sales_v2.dim_customer', 'last_modified_at': 'Feb 16, 2026 05:55 AM', 'last_documented_at': 'Mar 09, 2026 10:28 AM', 'latency_hours': 508.55, 'current_version': 0, 'partition_count': 0}
{'catalog_name': 'intelliegencedatacatalog', 'schema_name': 'pharma_sales_v2', 'table_name': 'dim_drug', 'full_table_path': 'intelliegencedatacatalog.pharma_sales_v2.dim_drug', 'last_modified_at': 'Feb 16, 2026 05:55 AM', 'last_documented_at': 'Mar 09, 2026 10:28 AM', 'latency_hours': 508.55, 'current_version': 0, 'partition_count': 0}
{'catalog_name': 'intelliegencedatacatalog', 'schema_name': 'pharma_sales_v2', 'table_name': 'dim_manufacturer', 'full_table_path': 'intelliegencedatacatalog.pharma_sales_v2.dim_manufacturer', 'last_modified_at': 'Feb 16, 2026 05:55 AM', 'last_documented_at': 'Mar 09, 2026 10:28 AM', 'latency_hours': 508.55, 'current_version': 0, 'partition_count': 0}
{'catalog_name': 'intelliegencedatacatalog', 'schema_name': 'pharma_sales_v2', 'table_name': 'dim_pharmacy', 'full_table_path': 'intelliegencedatacatalog.pharma_sales_v2.dim_pharmacy', 'last_modified_at': 'Feb 16, 2026 05:55 AM', 'last_documented_at': 'Mar 09, 2026 10:28 AM', 'latency_hours': 508.55, 'current_version': 0, 'partition_count': 0}
{'catalog_name': 'intelliegencedatacatalog', 'schema_name': 'pharma_sales_v2', 'table_name': 'fact_pharma_sales_v2', 'full_table_path': 'intelliegencedatacatalog.pharma_sales_v2.fact_pharma_sales_v2', 'last_modified_at': 'Feb 16, 2026 05:56 AM', 'last_documented_at': 'Mar 09, 2026 10:28 AM', 'latency_hours': 508.52, 'current_version': 0, 'partition_count': 0}
{'catalog_name': 'intelliegencedatacatalog', 'schema_name': 'pharma_sales_v2', 'table_name': 'raw_pharma_sales', 'full_table_path': 'intelliegencedatacatalog.pharma_sales_v2.raw_pharma_sales', 'last_modified_at': 'Feb 16, 2026 05:45 AM', 'last_documented_at': 'Mar 09, 2026 10:28 AM', 'latency_hours': 508.71, 'current_version': 0, 'partition_count': 0}
{'catalog_name': 'intelliegencedatacatalog', 'schema_name': 'pharma_sales_v2', 'table_name': 'silver_sales', 'full_table_path': 'intelliegencedatacatalog.pharma_sales_v2.silver_sales', 'last_modified_at': 'Feb 16, 2026 05:53 AM', 'last_documented_at': 'Mar 09, 2026 10:28 AM', 'latency_hours': 508.58, 'current_version': 0, 'partition_count': 0}
{'catalog_name': 'intelliegencedatacatalog', 'schema_name': 'pharma_sales_v2', 'table_name': 'silver_sales_v2', 'full_table_path': 'intelliegencedatacatalog.pharma_sales_v2.silver_sales_v2', 'last_modified_at': 'Feb 16, 2026 05:54 AM', 'last_documented_at': 'Mar 09, 2026 10:28 AM', 'latency_hours': 508.56, 'current_version': 0, 'partition_count': 0}
{'catalog_name': 'intelliegencedatacatalog', 'schema_name': 'sales_data', 'table_name': 'dim_channel', 'full_table_path': 'intelliegencedatacatalog.sales_data.dim_channel', 'last_modified_at': 'Feb 18, 2026 01:04 PM', 'last_documented_at': 'Mar 09, 2026 10:28 AM', 'latency_hours': 453.39, 'current_version': 0, 'partition_count': 0}
{'catalog_name': 'intelliegencedatacatalog', 'schema_name': 'sales_data', 'table_name': 'dim_customer', 'full_table_path': 'intelliegencedatacatalog.sales_data.dim_customer', 'last_modified_at': 'Feb 18, 2026 01:04 PM', 'last_documented_at': 'Mar 09, 2026 10:28 AM', 'latency_hours': 453.39, 'current_version': 0, 'partition_count': 0}
{'catalog_name': 'intelliegencedatacatalog', 'schema_name': 'sales_data', 'table_name': 'dim_doctor', 'full_table_path': 'intelliegencedatacatalog.sales_data.dim_doctor', 'last_modified_at': 'Feb 18, 2026 01:04 PM', 'last_documented_at': 'Mar 09, 2026 10:28 AM', 'latency_hours': 453.39, 'current_version': 0, 'partition_count': 0}
{'catalog_name': 'intelliegencedatacatalog', 'schema_name': 'sales_data', 'table_name': 'dim_drug', 'full_table_path': 'intelliegencedatacatalog.sales_data.dim_drug', 'last_modified_at': 'Feb 18, 2026 01:04 PM', 'last_documented_at': 'Mar 09, 2026 10:28 AM', 'latency_hours': 453.39, 'current_version': 0, 'partition_count': 0}
{'catalog_name': 'intelliegencedatacatalog', 'schema_name': 'sales_data', 'table_name': 'dim_insurance', 'full_table_path': 'intelliegencedatacatalog.sales_data.dim_insurance', 'last_modified_at': 'Feb 18, 2026 01:04 PM', 'last_documented_at': 'Mar 09, 2026 10:28 AM', 'latency_hours': 453.39, 'current_version': 0, 'partition_count': 0}
{'catalog_name': 'intelliegencedatacatalog', 'schema_name': 'sales_data', 'table_name': 'dim_pharmacy', 'full_table_path': 'intelliegencedatacatalog.sales_data.dim_pharmacy', 'last_modified_at': 'Feb 18, 2026 01:04 PM', 'last_documented_at': 'Mar 09, 2026 10:28 AM', 'latency_hours': 453.39, 'current_version': 0, 'partition_count': 0}
{'catalog_name': 'intelliegencedatacatalog', 'schema_name': 'sales_data', 'table_name': 'fact_sales', 'full_table_path': 'intelliegencedatacatalog.sales_data.fact_sales', 'last_modified_at': 'Feb 18, 2026 01:13 PM', 'last_documented_at': 'Mar 09, 2026 10:28 AM', 'latency_hours': 453.24, 'current_version': 0, 'partition_count': 0}
{'catalog_name': 'intelliegencedatacatalog', 'schema_name': 'sales_data', 'table_name': 'silver_sales_model', 'full_table_path': 'intelliegencedatacatalog.sales_data.silver_sales_model', 'last_modified_at': 'Feb 18, 2026 01:11 PM', 'last_documented_at': 'Mar 09, 2026 10:28 AM', 'latency_hours': 453.28, 'current_version': 0, 'partition_count': 0}
{'catalog_name': 'intelliegencedatacatalog', 'schema_name': 'sample', 'table_name': 'freshness_stats', 'full_table_path': 'intelliegencedatacatalog.sample.freshness_stats', 'last_modified_at': 'Feb 25, 2026 12:46 PM', 'last_documented_at': 'Mar 09, 2026 10:28 AM', 'latency_hours': 285.7, 'current_version': 7, 'partition_count': 0}
{'catalog_name': 'intelliegencedatacatalog', 'schema_name': 'sample', 'table_name': 'pharma_sales_clean', 'full_table_path': 'intelliegencedatacatalog.sample.pharma_sales_clean', 'last_modified_at': 'Feb 18, 2026 01:03 PM', 'last_documented_at': 'Mar 09, 2026 10:28 AM', 'latency_hours': 453.42, 'current_version': 4, 'partition_count': 0}
{'catalog_name': 'intelliegencedatacatalog', 'schema_name': 'sample', 'table_name': 'profile_stats', 'full_table_path': 'intelliegencedatacatalog.sample.profile_stats', 'last_modified_at': 'Feb 25, 2026 07:46 AM', 'last_documented_at': 'Mar 09, 2026 10:28 AM', 'latency_hours': 290.69, 'current_version': 7, 'partition_count': 0}
{'catalog_name': 'intelliegencedatacatalog', 'schema_name': 'sample', 'table_name': 'quality_stats', 'full_table_path': 'intelliegencedatacatalog.sample.quality_stats', 'last_modified_at': 'Feb 25, 2026 07:23 AM', 'last_documented_at': 'Mar 09, 2026 10:28 AM', 'latency_hours': 291.08, 'current_version': 4, 'partition_count': 0}
{'catalog_name': 'intelliegencedatacatalog', 'schema_name': 'sample', 'table_name': 'raw_pharma_sales', 'full_table_path': 'intelliegencedatacatalog.sample.raw_pharma_sales', 'last_modified_at': 'Feb 15, 2026 05:05 PM', 'last_documented_at': 'Mar 09, 2026 10:28 AM', 'latency_hours': 521.39, 'current_version': 0, 'partition_count': 0}
{'catalog_name': 'intelliegencedatacatalog', 'schema_name': 'silver_pharma_sales', 'table_name': 'data_profile', 'full_table_path': 'intelliegencedatacatalog.silver_pharma_sales.data_profile', 'last_modified_at': 'Feb 24, 2026 06:41 PM', 'last_documented_at': 'Mar 09, 2026 10:28 AM', 'latency_hours': 303.78, 'current_version': 5, 'partition_count': 0}
{'catalog_name': 'intelliegencedatacatalog', 'schema_name': 'silver_pharma_sales', 'table_name': 'dim_doctor', 'full_table_path': 'intelliegencedatacatalog.silver_pharma_sales.dim_doctor', 'last_modified_at': 'Feb 23, 2026 08:03 AM', 'last_documented_at': 'Mar 09, 2026 10:28 AM', 'latency_hours': 338.41, 'current_version': 0, 'partition_count': 0}
{'catalog_name': 'intelliegencedatacatalog', 'schema_name': 'silver_pharma_sales', 'table_name': 'dim_drug', 'full_table_path': 'intelliegencedatacatalog.silver_pharma_sales.dim_drug', 'last_modified_at': 'Feb 23, 2026 08:02 AM', 'last_documented_at': 'Mar 09, 2026 10:28 AM', 'latency_hours': 338.43, 'current_version': 0, 'partition_count': 0}
{'catalog_name': 'intelliegencedatacatalog', 'schema_name': 'silver_pharma_sales', 'table_name': 'dim_insurance_provider', 'full_table_path': 'intelliegencedatacatalog.silver_pharma_sales.dim_insurance_provider', 'last_modified_at': 'Feb 23, 2026 08:09 AM', 'last_documented_at': 'Mar 09, 2026 10:28 AM', 'latency_hours': 338.32, 'current_version': 0, 'partition_count': 0}
{'catalog_name': 'intelliegencedatacatalog', 'schema_name': 'silver_pharma_sales', 'table_name': 'dim_patient', 'full_table_path': 'intelliegencedatacatalog.silver_pharma_sales.dim_patient', 'last_modified_at': 'Feb 23, 2026 08:00 AM', 'last_documented_at': 'Mar 09, 2026 10:28 AM', 'latency_hours': 338.46, 'current_version': 0, 'partition_count': 0}
{'catalog_name': 'intelliegencedatacatalog', 'schema_name': 'silver_pharma_sales', 'table_name': 'dim_territory', 'full_table_path': 'intelliegencedatacatalog.silver_pharma_sales.dim_territory', 'last_modified_at': 'Feb 23, 2026 07:56 AM', 'last_documented_at': 'Mar 09, 2026 10:28 AM', 'latency_hours': 338.53, 'current_version': 0, 'partition_count': 0}
{'catalog_name': 'intelliegencedatacatalog', 'schema_name': 'silver_pharma_sales', 'table_name': 'fact_sales', 'full_table_path': 'intelliegencedatacatalog.silver_pharma_sales.fact_sales', 'last_modified_at': 'Feb 23, 2026 08:11 AM', 'last_documented_at': 'Mar 09, 2026 10:28 AM', 'latency_hours': 338.28, 'current_version': 0, 'partition_count': 0}
